To: bob@example.com
Subject: With spaced attachment
Content-Type: multipart/mixed; boundary="go_mapi_PID"

--go_mapi_PID
Content-Type: text/plain; charset=UTF-8
Content-Transfer-Encoding: base64

c2VlIGF0dGFjaGVk

--go_mapi_PID
Content-Type: text/plain; charset=utf-8; name="report final.txt"
Content-Transfer-Encoding: base64
Content-Disposition: attachment; filename="report final.txt"

YXR0YWNoZWQgYm9keSB3aXRoIHNwYWNlcwo=

--go_mapi_PID--
