To: hr@example.com
Subject: Curriculum
Content-Type: multipart/mixed; boundary="go_mapi_PID"

--go_mapi_PID
Content-Type: text/plain; charset=UTF-8
Content-Transfer-Encoding: base64

YXR0YWNoZWQgcsOpc3Vtw6k=

--go_mapi_PID
Content-Type: application/pdf; name="=?UTF-8?B?csOpc3Vtw6kucGRm?="
Content-Transfer-Encoding: base64
Content-Disposition: attachment; filename="=?UTF-8?B?csOpc3Vtw6kucGRm?="

ZmFrZSBwZGYgYnl0ZXM=

--go_mapi_PID--
