To: long@example.com
Subject: Long body
Content-Type: text/plain; charset=UTF-8
Content-Transfer-Encoding: base64

VGhlIHF1aWNrIGJyb3duIGZveCBqdW1wcyBvdmVyIHRoZSBsYXp5IGRvZy4gVGhlIHF1aWNrIGJy
b3duIGZveCBqdW1wcyBvdmVyIHRoZSBsYXp5IGRvZy4gVGhlIHF1aWNrIGJyb3duIGZveCBqdW1w
cyBvdmVyIHRoZSBsYXp5IGRvZy4gVGhlIHF1aWNrIGJyb3duIGZveCBqdW1wcyBvdmVyIHRoZSBs
YXp5IGRvZy4gVGhlIHF1aWNrIGJyb3duIGZveCBqdW1wcyBvdmVyIHRoZSBsYXp5IGRvZy4gVGhl
IHF1aWNrIGJyb3duIGZveCBqdW1wcyBvdmVyIHRoZSBsYXp5IGRvZy4gVGhlIHF1aWNrIGJyb3du
IGZveCBqdW1wcyBvdmVyIHRoZSBsYXp5IGRvZy4gVGhlIHF1aWNrIGJyb3duIGZveCBqdW1wcyBv
dmVyIHRoZSBsYXp5IGRvZy4gVGhlIHF1aWNrIGJyb3duIGZveCBqdW1wcyBvdmVyIHRoZSBsYXp5
IGRvZy4gVGhlIHF1aWNrIGJyb3duIGZveCBqdW1wcyBvdmVyIHRoZSBsYXp5IGRvZy4gVGhlIHF1
aWNrIGJyb3duIGZveCBqdW1wcyBvdmVyIHRoZSBsYXp5IGRvZy4gVGhlIHF1aWNrIGJyb3duIGZv
eCBqdW1wcyBvdmVyIHRoZSBsYXp5IGRvZy4gVGhlIHF1aWNrIGJyb3duIGZveCBqdW1wcyBvdmVy
IHRoZSBsYXp5IGRvZy4gVGhlIHF1aWNrIGJyb3duIGZveCBqdW1wcyBvdmVyIHRoZSBsYXp5IGRv
Zy4gVGhlIHF1aWNrIGJyb3duIGZveCBqdW1wcyBvdmVyIHRoZSBsYXp5IGRvZy4gVGhlIHF1aWNr
IGJyb3duIGZveCBqdW1wcyBvdmVyIHRoZSBsYXp5IGRvZy4gVGhlIHF1aWNrIGJyb3duIGZveCBq
dW1wcyBvdmVyIHRoZSBsYXp5IGRvZy4gVGhlIHF1aWNrIGJyb3duIGZveCBqdW1wcyBvdmVyIHRo
ZSBsYXp5IGRvZy4gVGhlIHF1aWNrIGJyb3duIGZveCBqdW1wcyBvdmVyIHRoZSBsYXp5IGRvZy4g
VGhlIHF1aWNrIGJyb3duIGZveCBqdW1wcyBvdmVyIHRoZSBsYXp5IGRvZy4gVGhlIHF1aWNrIGJy
b3duIGZveCBqdW1wcyBvdmVyIHRoZSBsYXp5IGRvZy4gVGhlIHF1aWNrIGJyb3duIGZveCBqdW1w
cyBvdmVyIHRoZSBsYXp5IGRvZy4gVGhlIHF1aWNrIGJyb3duIGZveCBqdW1wcyBvdmVyIHRoZSBs
YXp5IGRvZy4gVGhlIHF1aWNrIGJyb3duIGZveCBqdW1wcyBvdmVyIHRoZSBsYXp5IGRvZy4gVGhl
IHF1aWNrIGJyb3duIGZveCBqdW1wcyBvdmVyIHRoZSBsYXp5IGRvZy4gVGhlIHF1aWNrIGJyb3du
IGZveCBqdW1wcyBvdmVyIHRoZSBsYXp5IGRvZy4gVGhlIHF1aWNrIGJyb3duIGZveCBqdW1wcyBv
dmVyIHRoZSBsYXp5IGRvZy4gVGhlIHF1aWNrIGJyb3duIGZveCBqdW1wcyBvdmVyIHRoZSBsYXp5
IGRvZy4gVGhlIHF1aWNrIGJyb3duIGZveCBqdW1wcyBvdmVyIHRoZSBsYXp5IGRvZy4gVGhlIHF1
aWNrIGJyb3duIGZveCBqdW1wcyBvdmVyIHRoZSBsYXp5IGRvZy4gVGhlIHF1aWNrIGJyb3duIGZv
eCBqdW1wcyBvdmVyIHRoZSBsYXp5IGRvZy4gVGhlIHF1aWNrIGJyb3duIGZveCBqdW1wcyBvdmVy
IHRoZSBsYXp5IGRvZy4gVGhlIHF1aWNrIGJyb3duIGZveCBqdW1wcyBvdmVyIHRoZSBsYXp5IGRv
Zy4gVGhlIHF1aWNrIGJyb3duIGZveCBqdW1wcyBvdmVyIHRoZSBsYXp5IGRvZy4gVGhlIHF1aWNr
IGJyb3duIGZveCBqdW1wcyBvdmVyIHRoZSBsYXp5IGRvZy4gVGhlIHF1aWNrIGJyb3duIGZveCBq
dW1wcyBvdmVyIHRoZSBsYXp5IGRvZy4gVGhlIHF1aWNrIGJyb3duIGZveCBqdW1wcyBvdmVyIHRo
ZSBsYXp5IGRvZy4gVGhlIHF1aWNrIGJyb3duIGZveCBqdW1wcyBvdmVyIHRoZSBsYXp5IGRvZy4g
VGhlIHF1aWNrIGJyb3duIGZveCBqdW1wcyBvdmVyIHRoZSBsYXp5IGRvZy4gVGhlIHF1aWNrIGJy
b3duIGZveCBqdW1wcyBvdmVyIHRoZSBsYXp5IGRvZy4gVGhlIHF1aWNrIGJyb3duIGZveCBqdW1w
cyBvdmVyIHRoZSBsYXp5IGRvZy4gVGhlIHF1aWNrIGJyb3duIGZveCBqdW1wcyBvdmVyIHRoZSBs
YXp5IGRvZy4gVGhlIHF1aWNrIGJyb3duIGZveCBqdW1wcyBvdmVyIHRoZSBsYXp5IGRvZy4gVGhl
IHF1aWNrIGJyb3duIGZveCBqdW1wcyBvdmVyIHRoZSBsYXp5IGRvZy4gVGhlIHF1aWNrIGJyb3du
IGZveCBqdW1wcyBvdmVyIHRoZSBsYXp5IGRvZy4gVGhlIHF1aWNrIGJyb3duIGZveCBqdW1wcyBv
dmVyIHRoZSBsYXp5IGRvZy4gVGhlIHF1aWNrIGJyb3duIGZveCBqdW1wcyBvdmVyIHRoZSBsYXp5
IGRvZy4gVGhlIHF1aWNrIGJyb3duIGZveCBqdW1wcyBvdmVyIHRoZSBsYXp5IGRvZy4gVGhlIHF1
aWNrIGJyb3duIGZveCBqdW1wcyBvdmVyIHRoZSBsYXp5IGRvZy4gVGhlIHF1aWNrIGJyb3duIGZv
eCBqdW1wcyBvdmVyIHRoZSBsYXp5IGRvZy4gVGhlIHF1aWNrIGJyb3duIGZveCBqdW1wcyBvdmVy
IHRoZSBsYXp5IGRvZy4gVGhlIHF1aWNrIGJyb3duIGZveCBqdW1wcyBvdmVyIHRoZSBsYXp5IGRv
Zy4gVGhlIHF1aWNrIGJyb3duIGZveCBqdW1wcyBvdmVyIHRoZSBsYXp5IGRvZy4gVGhlIHF1aWNr
IGJyb3duIGZveCBqdW1wcyBvdmVyIHRoZSBsYXp5IGRvZy4gVGhlIHF1aWNrIGJyb3duIGZveCBq
dW1wcyBvdmVyIHRoZSBsYXp5IGRvZy4gVGhlIHF1aWNrIGJyb3duIGZveCBqdW1wcyBvdmVyIHRo
ZSBsYXp5IGRvZy4gVGhlIHF1aWNrIGJyb3duIGZveCBqdW1wcyBvdmVyIHRoZSBsYXp5IGRvZy4g
VGhlIHF1aWNrIGJyb3duIGZveCBqdW1wcyBvdmVyIHRoZSBsYXp5IGRvZy4gVGhlIHF1aWNrIGJy
b3duIGZveCBqdW1wcyBvdmVyIHRoZSBsYXp5IGRvZy4gVGhlIHF1aWNrIGJyb3duIGZveCBqdW1w
cyBvdmVyIHRoZSBsYXp5IGRvZy4gVGhlIHF1aWNrIGJyb3duIGZveCBqdW1wcyBvdmVyIHRoZSBs
YXp5IGRvZy4gVGhlIHF1aWNrIGJyb3duIGZveCBqdW1wcyBvdmVyIHRoZSBsYXp5IGRvZy4gVGhl
IHF1aWNrIGJyb3duIGZveCBqdW1wcyBvdmVyIHRoZSBsYXp5IGRvZy4gVGhlIHF1aWNrIGJyb3du
IGZveCBqdW1wcyBvdmVyIHRoZSBsYXp5IGRvZy4gVGhlIHF1aWNrIGJyb3duIGZveCBqdW1wcyBv
dmVyIHRoZSBsYXp5IGRvZy4gVGhlIHF1aWNrIGJyb3duIGZveCBqdW1wcyBvdmVyIHRoZSBsYXp5
IGRvZy4gVGhlIHF1aWNrIGJyb3duIGZveCBqdW1wcyBvdmVyIHRoZSBsYXp5IGRvZy4gVGhlIHF1
aWNrIGJyb3duIGZveCBqdW1wcyBvdmVyIHRoZSBsYXp5IGRvZy4gVGhlIHF1aWNrIGJyb3duIGZv
eCBqdW1wcyBvdmVyIHRoZSBsYXp5IGRvZy4gVGhlIHF1aWNrIGJyb3duIGZveCBqdW1wcyBvdmVy
IHRoZSBsYXp5IGRvZy4gVGhlIHF1aWNrIGJyb3duIGZveCBqdW1wcyBvdmVyIHRoZSBsYXp5IGRv
Zy4gVGhlIHF1aWNrIGJyb3duIGZveCBqdW1wcyBvdmVyIHRoZSBsYXp5IGRvZy4gVGhlIHF1aWNr
IGJyb3duIGZveCBqdW1wcyBvdmVyIHRoZSBsYXp5IGRvZy4gVGhlIHF1aWNrIGJyb3duIGZveCBq
dW1wcyBvdmVyIHRoZSBsYXp5IGRvZy4gVGhlIHF1aWNrIGJyb3duIGZveCBqdW1wcyBvdmVyIHRo
ZSBsYXp5IGRvZy4gVGhlIHF1aWNrIGJyb3duIGZveCBqdW1wcyBvdmVyIHRoZSBsYXp5IGRvZy4g
VGhlIHF1aWNrIGJyb3duIGZveCBqdW1wcyBvdmVyIHRoZSBsYXp5IGRvZy4gVGhlIHF1aWNrIGJy
b3duIGZveCBqdW1wcyBvdmVyIHRoZSBsYXp5IGRvZy4gVGhlIHF1aWNrIGJyb3duIGZveCBqdW1w
cyBvdmVyIHRoZSBsYXp5IGRvZy4gVGhlIHF1aWNrIGJyb3duIGZveCBqdW1wcyBvdmVyIHRoZSBs
YXp5IGRvZy4gVGhlIHF1aWNrIGJyb3duIGZveCBqdW1wcyBvdmVyIHRoZSBsYXp5IGRvZy4gVGhl
IHF1aWNrIGJyb3duIGZveCBqdW1wcyBvdmVyIHRoZSBsYXp5IGRvZy4gVGhlIHF1aWNrIGJyb3du
IGZveCBqdW1wcyBvdmVyIHRoZSBsYXp5IGRvZy4gVGhlIHF1aWNrIGJyb3duIGZveCBqdW1wcyBv
dmVyIHRoZSBsYXp5IGRvZy4gVGhlIHF1aWNrIGJyb3duIGZveCBqdW1wcyBvdmVyIHRoZSBsYXp5
IGRvZy4gVGhlIHF1aWNrIGJyb3duIGZveCBqdW1wcyBvdmVyIHRoZSBsYXp5IGRvZy4gVGhlIHF1
aWNrIGJyb3duIGZveCBqdW1wcyBvdmVyIHRoZSBsYXp5IGRvZy4gVGhlIHF1aWNrIGJyb3duIGZv
eCBqdW1wcyBvdmVyIHRoZSBsYXp5IGRvZy4gVGhlIHF1aWNrIGJyb3duIGZveCBqdW1wcyBvdmVy
IHRoZSBsYXp5IGRvZy4gVGhlIHF1aWNrIGJyb3duIGZveCBqdW1wcyBvdmVyIHRoZSBsYXp5IGRv
Zy4gVGhlIHF1aWNrIGJyb3duIGZveCBqdW1wcyBvdmVyIHRoZSBsYXp5IGRvZy4gVGhlIHF1aWNr
IGJyb3duIGZveCBqdW1wcyBvdmVyIHRoZSBsYXp5IGRvZy4gVGhlIHF1aWNrIGJyb3duIGZveCBq
dW1wcyBvdmVyIHRoZSBsYXp5IGRvZy4gVGhlIHF1aWNrIGJyb3duIGZveCBqdW1wcyBvdmVyIHRo
ZSBsYXp5IGRvZy4gVGhlIHF1aWNrIGJyb3duIGZveCBqdW1wcyBvdmVyIHRoZSBsYXp5IGRvZy4g
VGhlIHF1aWNrIGJyb3duIGZveCBqdW1wcyBvdmVyIHRoZSBsYXp5IGRvZy4gVGhlIHF1aWNrIGJy
b3duIGZveCBqdW1wcyBvdmVyIHRoZSBsYXp5IGRvZy4gVGhlIHF1aWNrIGJyb3duIGZveCBqdW1w
cyBvdmVyIHRoZSBsYXp5IGRvZy4gVGhlIHF1aWNrIGJyb3duIGZveCBqdW1wcyBvdmVyIHRoZSBs
YXp5IGRvZy4gVGhlIHF1aWNrIGJyb3duIGZveCBqdW1wcyBvdmVyIHRoZSBsYXp5IGRvZy4gVGhl
IHF1aWNrIGJyb3duIGZveCBqdW1wcyBvdmVyIHRoZSBsYXp5IGRvZy4gVGhlIHF1aWNrIGJyb3du
IGZveCBqdW1wcyBvdmVyIHRoZSBsYXp5IGRvZy4gVGhlIHF1aWNrIGJyb3duIGZveCBqdW1wcyBv
dmVyIHRoZSBsYXp5IGRvZy4gVGhlIHF1aWNrIGJyb3duIGZveCBqdW1wcyBvdmVyIHRoZSBsYXp5
IGRvZy4gVGhlIHF1aWNrIGJyb3duIGZveCBqdW1wcyBvdmVyIHRoZSBsYXp5IGRvZy4gVGhlIHF1
aWNrIGJyb3duIGZveCBqdW1wcyBvdmVyIHRoZSBsYXp5IGRvZy4gVGhlIHF1aWNrIGJyb3duIGZv
eCBqdW1wcyBvdmVyIHRoZSBsYXp5IGRvZy4gVGhlIHF1aWNrIGJyb3duIGZveCBqdW1wcyBvdmVy
IHRoZSBsYXp5IGRvZy4gVGhlIHF1aWNrIGJyb3duIGZveCBqdW1wcyBvdmVyIHRoZSBsYXp5IGRv
Zy4gVGhlIHF1aWNrIGJyb3duIGZveCBqdW1wcyBvdmVyIHRoZSBsYXp5IGRvZy4gVGhlIHF1aWNr
IGJyb3duIGZveCBqdW1wcyBvdmVyIHRoZSBsYXp5IGRvZy4gVGhlIHF1aWNrIGJyb3duIGZveCBq
dW1wcyBvdmVyIHRoZSBsYXp5IGRvZy4gVGhlIHF1aWNrIGJyb3duIGZveCBqdW1wcyBvdmVyIHRo
ZSBsYXp5IGRvZy4gVGhlIHF1aWNrIGJyb3duIGZveCBqdW1wcyBvdmVyIHRoZSBsYXp5IGRvZy4g
VGhlIHF1aWNrIGJyb3duIGZveCBqdW1wcyBvdmVyIHRoZSBsYXp5IGRvZy4gVGhlIHF1aWNrIGJy
b3duIGZveCBqdW1wcyBvdmVyIHRoZSBsYXp5IGRvZy4gVGhlIHF1aWNrIGJyb3duIGZveCBqdW1w
cyBvdmVyIHRoZSBsYXp5IGRvZy4gVGhlIHF1aWNrIGJyb3duIGZveCBqdW1wcyBvdmVyIHRoZSBs
YXp5IGRvZy4gVGhlIHF1aWNrIGJyb3duIGZveCBqdW1wcyBvdmVyIHRoZSBsYXp5IGRvZy4gVGhl
IHF1aWNrIGJyb3duIGZveCBqdW1wcyBvdmVyIHRoZSBsYXp5IGRvZy4gVGhlIHF1aWNrIGJyb3du
IGZveCBqdW1wcyBvdmVyIHRoZSBsYXp5IGRvZy4gVGhlIHF1aWNrIGJyb3duIGZveCBqdW1wcyBv
dmVyIHRoZSBsYXp5IGRvZy4gVGhlIHF1aWNrIGJyb3duIGZveCBqdW1wcyBvdmVyIHRoZSBsYXp5
IGRvZy4gVGhlIHF1aWNrIGJyb3duIGZveCBqdW1wcyBvdmVyIHRoZSBsYXp5IGRvZy4gVGhlIHF1
aWNrIGJyb3duIGZveCBqdW1wcyBvdmVyIHRoZSBsYXp5IGRvZy4gVGhlIHF1aWNrIGJyb3duIGZv
eCBqdW1wcyBvdmVyIHRoZSBsYXp5IGRvZy4gVGhlIHF1aWNrIGJyb3duIGZveCBqdW1wcyBvdmVy
IHRoZSBsYXp5IGRvZy4gVGhlIHF1aWNrIGJyb3duIGZveCBqdW1wcyBvdmVyIHRoZSBsYXp5IGRv
Zy4gVGhlIHF1aWNrIGJyb3duIGZveCBqdW1wcyBvdmVyIHRoZSBsYXp5IGRvZy4gVGhlIHF1aWNr
IGJyb3duIGZveCBqdW1wcyBvdmVyIHRoZSBsYXp5IGRvZy4gVGhlIHF1aWNrIGJyb3duIGZveCBq
dW1wcyBvdmVyIHRoZSBsYXp5IGRvZy4gVGhlIHF1aWNrIGJyb3duIGZveCBqdW1wcyBvdmVyIHRo
ZSBsYXp5IGRvZy4gVGhlIHF1aWNrIGJyb3duIGZveCBqdW1wcyBvdmVyIHRoZSBsYXp5IGRvZy4g
VGhlIHF1aWNrIGJyb3duIGZveCBqdW1wcyBvdmVyIHRoZSBsYXp5IGRvZy4gVGhlIHF1aWNrIGJy
b3duIGZveCBqdW1wcyBvdmVyIHRoZSBsYXp5IGRvZy4gVGhlIHF1aWNrIGJyb3duIGZveCBqdW1w
cyBvdmVyIHRoZSBsYXp5IGRvZy4gVGhlIHF1aWNrIGJyb3duIGZveCBqdW1wcyBvdmVyIHRoZSBs
YXp5IGRvZy4gVGhlIHF1aWNrIGJyb3duIGZveCBqdW1wcyBvdmVyIHRoZSBsYXp5IGRvZy4gVGhl
IHF1aWNrIGJyb3duIGZveCBqdW1wcyBvdmVyIHRoZSBsYXp5IGRvZy4gVGhlIHF1aWNrIGJyb3du
IGZveCBqdW1wcyBvdmVyIHRoZSBsYXp5IGRvZy4gVGhlIHF1aWNrIGJyb3duIGZveCBqdW1wcyBv
dmVyIHRoZSBsYXp5IGRvZy4gVGhlIHF1aWNrIGJyb3duIGZveCBqdW1wcyBvdmVyIHRoZSBsYXp5
IGRvZy4gVGhlIHF1aWNrIGJyb3duIGZveCBqdW1wcyBvdmVyIHRoZSBsYXp5IGRvZy4gVGhlIHF1
aWNrIGJyb3duIGZveCBqdW1wcyBvdmVyIHRoZSBsYXp5IGRvZy4gVGhlIHF1aWNrIGJyb3duIGZv
eCBqdW1wcyBvdmVyIHRoZSBsYXp5IGRvZy4gVGhlIHF1aWNrIGJyb3duIGZveCBqdW1wcyBvdmVy
IHRoZSBsYXp5IGRvZy4gVGhlIHF1aWNrIGJyb3duIGZveCBqdW1wcyBvdmVyIHRoZSBsYXp5IGRv
Zy4gVGhlIHF1aWNrIGJyb3duIGZveCBqdW1wcyBvdmVyIHRoZSBsYXp5IGRvZy4gVGhlIHF1aWNr
IGJyb3duIGZveCBqdW1wcyBvdmVyIHRoZSBsYXp5IGRvZy4gVGhlIHF1aWNrIGJyb3duIGZveCBq
dW1wcyBvdmVyIHRoZSBsYXp5IGRvZy4gVGhlIHF1aWNrIGJyb3duIGZveCBqdW1wcyBvdmVyIHRo
ZSBsYXp5IGRvZy4gVGhlIHF1aWNrIGJyb3duIGZveCBqdW1wcyBvdmVyIHRoZSBsYXp5IGRvZy4g
VGhlIHF1aWNrIGJyb3duIGZveCBqdW1wcyBvdmVyIHRoZSBsYXp5IGRvZy4gVGhlIHF1aWNrIGJy
b3duIGZveCBqdW1wcyBvdmVyIHRoZSBsYXp5IGRvZy4gVGhlIHF1aWNrIGJyb3duIGZveCBqdW1w
cyBvdmVyIHRoZSBsYXp5IGRvZy4gVGhlIHF1aWNrIGJyb3duIGZveCBqdW1wcyBvdmVyIHRoZSBs
YXp5IGRvZy4gVGhlIHF1aWNrIGJyb3duIGZveCBqdW1wcyBvdmVyIHRoZSBsYXp5IGRvZy4gVGhl
IHF1aWNrIGJyb3duIGZveCBqdW1wcyBvdmVyIHRoZSBsYXp5IGRvZy4gVGhlIHF1aWNrIGJyb3du
IGZveCBqdW1wcyBvdmVyIHRoZSBsYXp5IGRvZy4gVGhlIHF1aWNrIGJyb3duIGZveCBqdW1wcyBv
dmVyIHRoZSBsYXp5IGRvZy4gVGhlIHF1aWNrIGJyb3duIGZveCBqdW1wcyBvdmVyIHRoZSBsYXp5
IGRvZy4gVGhlIHF1aWNrIGJyb3duIGZveCBqdW1wcyBvdmVyIHRoZSBsYXp5IGRvZy4gVGhlIHF1
aWNrIGJyb3duIGZveCBqdW1wcyBvdmVyIHRoZSBsYXp5IGRvZy4gVGhlIHF1aWNrIGJyb3duIGZv
eCBqdW1wcyBvdmVyIHRoZSBsYXp5IGRvZy4gVGhlIHF1aWNrIGJyb3duIGZveCBqdW1wcyBvdmVy
IHRoZSBsYXp5IGRvZy4gVGhlIHF1aWNrIGJyb3duIGZveCBqdW1wcyBvdmVyIHRoZSBsYXp5IGRv
Zy4gVGhlIHF1aWNrIGJyb3duIGZveCBqdW1wcyBvdmVyIHRoZSBsYXp5IGRvZy4gVGhlIHF1aWNr
IGJyb3duIGZveCBqdW1wcyBvdmVyIHRoZSBsYXp5IGRvZy4gVGhlIHF1aWNrIGJyb3duIGZveCBq
dW1wcyBvdmVyIHRoZSBsYXp5IGRvZy4gVGhlIHF1aWNrIGJyb3duIGZveCBqdW1wcyBvdmVyIHRo
ZSBsYXp5IGRvZy4gVGhlIHF1aWNrIGJyb3duIGZveCBqdW1wcyBvdmVyIHRoZSBsYXp5IGRvZy4g
VGhlIHF1aWNrIGJyb3duIGZveCBqdW1wcyBvdmVyIHRoZSBsYXp5IGRvZy4gVGhlIHF1aWNrIGJy
b3duIGZveCBqdW1wcyBvdmVyIHRoZSBsYXp5IGRvZy4gVGhlIHF1aWNrIGJyb3duIGZveCBqdW1w
cyBvdmVyIHRoZSBsYXp5IGRvZy4gVGhlIHF1aWNrIGJyb3duIGZveCBqdW1wcyBvdmVyIHRoZSBs
YXp5IGRvZy4gVGhlIHF1aWNrIGJyb3duIGZveCBqdW1wcyBvdmVyIHRoZSBsYXp5IGRvZy4gVGhl
IHF1aWNrIGJyb3duIGZveCBqdW1wcyBvdmVyIHRoZSBsYXp5IGRvZy4gVGhlIHF1aWNrIGJyb3du
IGZveCBqdW1wcyBvdmVyIHRoZSBsYXp5IGRvZy4gVGhlIHF1aWNrIGJyb3duIGZveCBqdW1wcyBv
dmVyIHRoZSBsYXp5IGRvZy4gVGhlIHF1aWNrIGJyb3duIGZveCBqdW1wcyBvdmVyIHRoZSBsYXp5
IGRvZy4gVGhlIHF1aWNrIGJyb3duIGZveCBqdW1wcyBvdmVyIHRoZSBsYXp5IGRvZy4gVGhlIHF1
aWNrIGJyb3duIGZveCBqdW1wcyBvdmVyIHRoZSBsYXp5IGRvZy4gVGhlIHF1aWNrIGJyb3duIGZv
eCBqdW1wcyBvdmVyIHRoZSBsYXp5IGRvZy4gVGhlIHF1aWNrIGJyb3duIGZveCBqdW1wcyBvdmVy
IHRoZSBsYXp5IGRvZy4gVGhlIHF1aWNrIGJyb3duIGZveCBqdW1wcyBvdmVyIHRoZSBsYXp5IGRv
Zy4gVGhlIHF1aWNrIGJyb3duIGZveCBqdW1wcyBvdmVyIHRoZSBsYXp5IGRvZy4gVGhlIHF1aWNr
IGJyb3duIGZveCBqdW1wcyBvdmVyIHRoZSBsYXp5IGRvZy4gVGhlIHF1aWNrIGJyb3duIGZveCBq
dW1wcyBvdmVyIHRoZSBsYXp5IGRvZy4gVGhlIHF1aWNrIGJyb3duIGZveCBqdW1wcyBvdmVyIHRo
ZSBsYXp5IGRvZy4gVGhlIHF1aWNrIGJyb3duIGZveCBqdW1wcyBvdmVyIHRoZSBsYXp5IGRvZy4g
VGhlIHF1aWNrIGJyb3duIGZveCBqdW1wcyBvdmVyIHRoZSBsYXp5IGRvZy4gVGhlIHF1aWNrIGJy
b3duIGZveCBqdW1wcyBvdmVyIHRoZSBsYXp5IGRvZy4gVGhlIHF1aWNrIGJyb3duIGZveCBqdW1w
cyBvdmVyIHRoZSBsYXp5IGRvZy4gVGhlIHF1aWNrIGJyb3duIGZveCBqdW1wcyBvdmVyIHRoZSBs
YXp5IGRvZy4gVGhlIHF1aWNrIGJyb3duIGZveCBqdW1wcyBvdmVyIHRoZSBsYXp5IGRvZy4gVGhl
IHF1aWNrIGJyb3duIGZveCBqdW1wcyBvdmVyIHRoZSBsYXp5IGRvZy4gVGhlIHF1aWNrIGJyb3du
IGZveCBqdW1wcyBvdmVyIHRoZSBsYXp5IGRvZy4gVGhlIHF1aWNrIGJyb3duIGZveCBqdW1wcyBv
dmVyIHRoZSBsYXp5IGRvZy4gVGhlIHF1aWNrIGJyb3duIGZveCBqdW1wcyBvdmVyIHRoZSBsYXp5
IGRvZy4gVGhlIHF1aWNrIGJyb3duIGZveCBqdW1wcyBvdmVyIHRoZSBsYXp5IGRvZy4gVGhlIHF1
aWNrIGJyb3duIGZveCBqdW1wcyBvdmVyIHRoZSBsYXp5IGRvZy4gVGhlIHF1aWNrIGJyb3duIGZv
eCBqdW1wcyBvdmVyIHRoZSBsYXp5IGRvZy4gVGhlIHF1aWNrIGJyb3duIGZveCBqdW1wcyBvdmVy
IHRoZSBsYXp5IGRvZy4gVGhlIHF1aWNrIGJyb3duIGZveCBqdW1wcyBvdmVyIHRoZSBsYXp5IGRv
Zy4gVGhlIHF1aWNrIGJyb3duIGZveCBqdW1wcyBvdmVyIHRoZSBsYXp5IGRvZy4gVGhlIHF1aWNr
IGJyb3duIGZveCBqdW1wcyBvdmVyIHRoZSBsYXp5IGRvZy4gVGhlIHF1aWNrIGJyb3duIGZveCBq
dW1wcyBvdmVyIHRoZSBsYXp5IGRvZy4gVGhlIHF1aWNrIGJyb3duIGZveCBqdW1wcyBvdmVyIHRo
ZSBsYXp5IGRvZy4gVGhlIHF1aWNrIGJyb3duIGZveCBqdW1wcyBvdmVyIHRoZSBsYXp5IGRvZy4g
VGhlIHF1aWNrIGJyb3duIGZveCBqdW1wcyBvdmVyIHRoZSBsYXp5IGRvZy4gVGhlIHF1aWNrIGJy
b3duIGZveCBqdW1wcyBvdmVyIHRoZSBsYXp5IGRvZy4gVGhlIHF1aWNrIGJyb3duIGZveCBqdW1w
cyBvdmVyIHRoZSBsYXp5IGRvZy4gVGhlIHF1aWNrIGJyb3duIGZveCBqdW1wcyBvdmVyIHRoZSBs
YXp5IGRvZy4gVGhlIHF1aWNrIGJyb3duIGZveCBqdW1wcyBvdmVyIHRoZSBsYXp5IGRvZy4gVGhl
IHF1aWNrIGJyb3duIGZveCBqdW1wcyBvdmVyIHRoZSBsYXp5IGRvZy4gVGhlIHF1aWNrIGJyb3du
IGZveCBqdW1wcyBvdmVyIHRoZSBsYXp5IGRvZy4gVGhlIHF1aWNrIGJyb3duIGZveCBqdW1wcyBv
dmVyIHRoZSBsYXp5IGRvZy4gVGhlIHF1aWNrIGJyb3duIGZveCBqdW1wcyBvdmVyIHRoZSBsYXp5
IGRvZy4gVGhlIHF1aWNrIGJyb3duIGZveCBqdW1wcyBvdmVyIHRoZSBsYXp5IGRvZy4gVGhlIHF1
aWNrIGJyb3duIGZveCBqdW1wcyBvdmVyIHRoZSBsYXp5IGRvZy4gVGhlIHF1aWNrIGJyb3duIGZv
eCBqdW1wcyBvdmVyIHRoZSBsYXp5IGRvZy4gVGhlIHF1aWNrIGJyb3duIGZveCBqdW1wcyBvdmVy
IHRoZSBsYXp5IGRvZy4gVGhlIHF1aWNrIGJyb3duIGZveCBqdW1wcyBvdmVyIHRoZSBsYXp5IGRv
Zy4gVGhlIHF1aWNrIGJyb3duIGZveCBqdW1wcyBvdmVyIHRoZSBsYXp5IGRvZy4gVGhlIHF1aWNr
IGJyb3duIGZveCBqdW1wcyBvdmVyIHRoZSBsYXp5IGRvZy4gVGhlIHF1aWNrIGJyb3duIGZveCBq
dW1wcyBvdmVyIHRoZSBsYXp5IGRvZy4gVGhlIHF1aWNrIGJyb3duIGZveCBqdW1wcyBvdmVyIHRo
ZSBsYXp5IGRvZy4gVGhlIHF1aWNrIGJyb3duIGZveCBqdW1wcyBvdmVyIHRoZSBsYXp5IGRvZy4g
VGhlIHF1aWNrIGJyb3duIGZveCBqdW1wcyBvdmVyIHRoZSBsYXp5IGRvZy4gVGhlIHF1aWNrIGJy
b3duIGZveCBqdW1wcyBvdmVyIHRoZSBsYXp5IGRvZy4gVGhlIHF1aWNrIGJyb3duIGZveCBqdW1w
cyBvdmVyIHRoZSBsYXp5IGRvZy4gVGhlIHF1aWNrIGJyb3duIGZveCBqdW1wcyBvdmVyIHRoZSBs
YXp5IGRvZy4gVGhlIHF1aWNrIGJyb3duIGZveCBqdW1wcyBvdmVyIHRoZSBsYXp5IGRvZy4gVGhl
IHF1aWNrIGJyb3duIGZveCBqdW1wcyBvdmVyIHRoZSBsYXp5IGRvZy4gVGhlIHF1aWNrIGJyb3du
IGZveCBqdW1wcyBvdmVyIHRoZSBsYXp5IGRvZy4gVGhlIHF1aWNrIGJyb3duIGZveCBqdW1wcyBv
dmVyIHRoZSBsYXp5IGRvZy4gVGhlIHF1aWNrIGJyb3duIGZveCBqdW1wcyBvdmVyIHRoZSBsYXp5
IGRvZy4gVGhlIHF1aWNrIGJyb3duIGZveCBqdW1wcyBvdmVyIHRoZSBsYXp5IGRvZy4gVGhlIHF1
aWNrIGJyb3duIGZveCBqdW1wcyBvdmVyIHRoZSBsYXp5IGRvZy4gVGhlIHF1aWNrIGJyb3duIGZv
eCBqdW1wcyBvdmVyIHRoZSBsYXp5IGRvZy4gVGhlIHF1aWNrIGJyb3duIGZveCBqdW1wcyBvdmVy
IHRoZSBsYXp5IGRvZy4gVGhlIHF1aWNrIGJyb3duIGZveCBqdW1wcyBvdmVyIHRoZSBsYXp5IGRv
Zy4gVGhlIHF1aWNrIGJyb3duIGZveCBqdW1wcyBvdmVyIHRoZSBsYXp5IGRvZy4gVGhlIHF1aWNr
IGJyb3duIGZveCBqdW1wcyBvdmVyIHRoZSBsYXp5IGRvZy4gVGhlIHF1aWNrIGJyb3duIGZveCBq
dW1wcyBvdmVyIHRoZSBsYXp5IGRvZy4gVGhlIHF1aWNrIGJyb3duIGZveCBqdW1wcyBvdmVyIHRo
ZSBsYXp5IGRvZy4gVGhlIHF1aWNrIGJyb3duIGZveCBqdW1wcyBvdmVyIHRoZSBsYXp5IGRvZy4g
VGhlIHF1aWNrIGJyb3duIGZveCBqdW1wcyBvdmVyIHRoZSBsYXp5IGRvZy4gVGhlIHF1aWNrIGJy
b3duIGZveCBqdW1wcyBvdmVyIHRoZSBsYXp5IGRvZy4gVGhlIHF1aWNrIGJyb3duIGZveCBqdW1w
cyBvdmVyIHRoZSBsYXp5IGRvZy4gVGhlIHF1aWNrIGJyb3duIGZveCBqdW1wcyBvdmVyIHRoZSBs
YXp5IGRvZy4gVGhlIHF1aWNrIGJyb3duIGZveCBqdW1wcyBvdmVyIHRoZSBsYXp5IGRvZy4gVGhl
IHF1aWNrIGJyb3duIGZveCBqdW1wcyBvdmVyIHRoZSBsYXp5IGRvZy4gVGhlIHF1aWNrIGJyb3du
IGZveCBqdW1wcyBvdmVyIHRoZSBsYXp5IGRvZy4gVGhlIHF1aWNrIGJyb3duIGZveCBqdW1wcyBv
dmVyIHRoZSBsYXp5IGRvZy4gVGhlIHF1aWNrIGJyb3duIGZveCBqdW1wcyBvdmVyIHRoZSBsYXp5
IGRvZy4gVGhlIHF1aWNrIGJyb3duIGZveCBqdW1wcyBvdmVyIHRoZSBsYXp5IGRvZy4gVGhlIHF1
aWNrIGJyb3duIGZveCBqdW1wcyBvdmVyIHRoZSBsYXp5IGRvZy4gVGhlIHF1aWNrIGJyb3duIGZv
eCBqdW1wcyBvdmVyIHRoZSBsYXp5IGRvZy4gVGhlIHF1aWNrIGJyb3duIGZveCBqdW1wcyBvdmVy
IHRoZSBsYXp5IGRvZy4gVGhlIHF1aWNrIGJyb3duIGZveCBqdW1wcyBvdmVyIHRoZSBsYXp5IGRv
Zy4gVGhlIHF1aWNrIGJyb3duIGZveCBqdW1wcyBvdmVyIHRoZSBsYXp5IGRvZy4gVGhlIHF1aWNr
IGJyb3duIGZveCBqdW1wcyBvdmVyIHRoZSBsYXp5IGRvZy4gVGhlIHF1aWNrIGJyb3duIGZveCBq
dW1wcyBvdmVyIHRoZSBsYXp5IGRvZy4gVGhlIHF1aWNrIGJyb3duIGZveCBqdW1wcyBvdmVyIHRo
ZSBsYXp5IGRvZy4gVGhlIHF1aWNrIGJyb3duIGZveCBqdW1wcyBvdmVyIHRoZSBsYXp5IGRvZy4g
VGhlIHF1aWNrIGJyb3duIGZveCBqdW1wcyBvdmVyIHRoZSBsYXp5IGRvZy4gVGhlIHF1aWNrIGJy
b3duIGZveCBqdW1wcyBvdmVyIHRoZSBsYXp5IGRvZy4gVGhlIHF1aWNrIGJyb3duIGZveCBqdW1w
cyBvdmVyIHRoZSBsYXp5IGRvZy4gVGhlIHF1aWNrIGJyb3duIGZveCBqdW1wcyBvdmVyIHRoZSBs
YXp5IGRvZy4gVGhlIHF1aWNrIGJyb3duIGZveCBqdW1wcyBvdmVyIHRoZSBsYXp5IGRvZy4gVGhl
IHF1aWNrIGJyb3duIGZveCBqdW1wcyBvdmVyIHRoZSBsYXp5IGRvZy4gVGhlIHF1aWNrIGJyb3du
IGZveCBqdW1wcyBvdmVyIHRoZSBsYXp5IGRvZy4gVGhlIHF1aWNrIGJyb3duIGZveCBqdW1wcyBv
dmVyIHRoZSBsYXp5IGRvZy4gVGhlIHF1aWNrIGJyb3duIGZveCBqdW1wcyBvdmVyIHRoZSBsYXp5
IGRvZy4gVGhlIHF1aWNrIGJyb3duIGZveCBqdW1wcyBvdmVyIHRoZSBsYXp5IGRvZy4gVGhlIHF1
aWNrIGJyb3duIGZveCBqdW1wcyBvdmVyIHRoZSBsYXp5IGRvZy4gVGhlIHF1aWNrIGJyb3duIGZv
eCBqdW1wcyBvdmVyIHRoZSBsYXp5IGRvZy4gVGhlIHF1aWNrIGJyb3duIGZveCBqdW1wcyBvdmVy
IHRoZSBsYXp5IGRvZy4gVGhlIHF1aWNrIGJyb3duIGZveCBqdW1wcyBvdmVyIHRoZSBsYXp5IGRv
Zy4gVGhlIHF1aWNrIGJyb3duIGZveCBqdW1wcyBvdmVyIHRoZSBsYXp5IGRvZy4gVGhlIHF1aWNr
IGJyb3duIGZveCBqdW1wcyBvdmVyIHRoZSBsYXp5IGRvZy4gVGhlIHF1aWNrIGJyb3duIGZveCBq
dW1wcyBvdmVyIHRoZSBsYXp5IGRvZy4gVGhlIHF1aWNrIGJyb3duIGZveCBqdW1wcyBvdmVyIHRo
ZSBsYXp5IGRvZy4gVGhlIHF1aWNrIGJyb3duIGZveCBqdW1wcyBvdmVyIHRoZSBsYXp5IGRvZy4g
VGhlIHF1aWNrIGJyb3duIGZveCBqdW1wcyBvdmVyIHRoZSBsYXp5IGRvZy4gVGhlIHF1aWNrIGJy
b3duIGZveCBqdW1wcyBvdmVyIHRoZSBsYXp5IGRvZy4gVGhlIHF1aWNrIGJyb3duIGZveCBqdW1w
cyBvdmVyIHRoZSBsYXp5IGRvZy4gVGhlIHF1aWNrIGJyb3duIGZveCBqdW1wcyBvdmVyIHRoZSBs
YXp5IGRvZy4gVGhlIHF1aWNrIGJyb3duIGZveCBqdW1wcyBvdmVyIHRoZSBsYXp5IGRvZy4gVGhl
IHF1aWNrIGJyb3duIGZveCBqdW1wcyBvdmVyIHRoZSBsYXp5IGRvZy4gVGhlIHF1aWNrIGJyb3du
IGZveCBqdW1wcyBvdmVyIHRoZSBsYXp5IGRvZy4gVGhlIHF1aWNrIGJyb3duIGZveCBqdW1wcyBv
dmVyIHRoZSBsYXp5IGRvZy4gVGhlIHF1aWNrIGJyb3duIGZveCBqdW1wcyBvdmVyIHRoZSBsYXp5
IGRvZy4gVGhlIHF1aWNrIGJyb3duIGZveCBqdW1wcyBvdmVyIHRoZSBsYXp5IGRvZy4gVGhlIHF1
aWNrIGJyb3duIGZveCBqdW1wcyBvdmVyIHRoZSBsYXp5IGRvZy4gVGhlIHF1aWNrIGJyb3duIGZv
eCBqdW1wcyBvdmVyIHRoZSBsYXp5IGRvZy4gVGhlIHF1aWNrIGJyb3duIGZveCBqdW1wcyBvdmVy
IHRoZSBsYXp5IGRvZy4gVGhlIHF1aWNrIGJyb3duIGZveCBqdW1wcyBvdmVyIHRoZSBsYXp5IGRv
Zy4gVGhlIHF1aWNrIGJyb3duIGZveCBqdW1wcyBvdmVyIHRoZSBsYXp5IGRvZy4g
